2026-07-14 10:54:00.230 | INFO     | __main__:main:93 -   e38_t001fd [richargs] F1=0.7859
2026-07-14 10:55:14.202 | INFO     | __main__:main:93 -   e38_t001fd [v1] F1=0.7483
2026-07-14 10:56:29.649 | INFO     | __main__:main:93 -   e38_t001fd [richmeta] F1=0.7826
2026-07-14 10:56:29.766 | SUCCESS  | __main__:main:105 - e38_t001fd: richargs F1=0.7859 -> saved
2026-07-14 10:57:53.173 | INFO     | __main__:main:93 -   e38_t031fd [richargs] F1=0.7856
2026-07-14 10:59:06.964 | INFO     | __main__:main:93 -   e38_t031fd [v1] F1=0.7412
2026-07-14 11:00:21.867 | INFO     | __main__:main:93 -   e38_t031fd [richmeta] F1=0.7852
2026-07-14 11:00:21.976 | SUCCESS  | __main__:main:105 - e38_t031fd: richargs F1=0.7856 -> saved
2026-07-14 11:01:46.129 | INFO     | __main__:main:93 -   e38_t040fd [richargs] F1=0.7797
2026-07-14 11:02:59.823 | INFO     | __main__:main:93 -   e38_t040fd [v1] F1=0.7087
2026-07-14 11:04:15.863 | INFO     | __main__:main:93 -   e38_t040fd [richmeta] F1=0.7777
2026-07-14 11:04:15.973 | SUCCESS  | __main__:main:105 - e38_t040fd: richargs F1=0.7797 -> saved
2026-07-14 11:05:42.624 | INFO     | __main__:main:93 -   e38_t070fd [richargs] F1=0.7845
2026-07-14 11:06:57.581 | INFO     | __main__:main:93 -   e38_t070fd [v1] F1=0.7592
2026-07-14 11:08:15.705 | INFO     | __main__:main:93 -   e38_t070fd [richmeta] F1=0.7838
2026-07-14 11:08:15.812 | SUCCESS  | __main__:main:105 - e38_t070fd: richargs F1=0.7845 -> saved
2026-07-14 11:09:54.804 | INFO     | __main__:main:93 -   e38_t031_elr [richargs] F1=0.7855
2026-07-14 11:11:11.534 | INFO     | __main__:main:93 -   e38_t031_elr [v1] F1=0.7518
2026-07-14 11:12:26.826 | INFO     | __main__:main:93 -   e38_t031_elr [richmeta] F1=0.7841
2026-07-14 11:12:26.938 | SUCCESS  | __main__:main:105 - e38_t031_elr: richargs F1=0.7855 -> saved
2026-07-14 11:14:05.677 | INFO     | __main__:main:93 -   e38_t040_elr [richargs] F1=0.7843
2026-07-14 11:15:19.390 | INFO     | __main__:main:93 -   e38_t040_elr [v1] F1=0.7534
2026-07-14 11:16:34.641 | INFO     | __main__:main:93 -   e38_t040_elr [richmeta] F1=0.7822
2026-07-14 11:16:34.720 | SUCCESS  | __main__:main:105 - e38_t040_elr: richargs F1=0.7843 -> saved
2026-07-14 11:18:15.767 | INFO     | __main__:main:93 -   e38_t070_elr [richargs] F1=0.7836
2026-07-14 11:19:29.533 | INFO     | __main__:main:93 -   e38_t070_elr [v1] F1=0.7506
2026-07-14 11:20:44.848 | INFO     | __main__:main:93 -   e38_t070_elr [richmeta] F1=0.7828
2026-07-14 11:20:44.953 | SUCCESS  | __main__:main:105 - e38_t070_elr: richargs F1=0.7836 -> saved
2026-07-14 11:22:09.142 | INFO     | __main__:main:93 -   e35_ce [richargs] F1=0.7407
2026-07-14 11:23:22.775 | INFO     | __main__:main:93 -   e35_ce [v1] F1=0.7462
2026-07-14 11:24:37.916 | INFO     | __main__:main:93 -   e35_ce [richmeta] F1=0.7399
2026-07-14 11:24:38.028 | SUCCESS  | __main__:main:105 - e35_ce: v1 F1=0.7462 -> saved
2026-07-14 11:26:03.122 | INFO     | __main__:main:93 -   e35_ls [richargs] F1=0.7330
2026-07-14 11:27:16.678 | INFO     | __main__:main:93 -   e35_ls [v1] F1=0.7502
2026-07-14 11:28:31.754 | INFO     | __main__:main:93 -   e35_ls [richmeta] F1=0.7347
2026-07-14 11:28:31.860 | SUCCESS  | __main__:main:105 - e35_ls: v1 F1=0.7502 -> saved
2026-07-14 11:29:56.111 | INFO     | __main__:main:93 -   e35_gce [richargs] F1=0.7131
2026-07-14 11:31:09.597 | INFO     | __main__:main:93 -   e35_gce [v1] F1=0.7184
2026-07-14 11:32:24.630 | INFO     | __main__:main:93 -   e35_gce [richmeta] F1=0.7161
2026-07-14 11:32:24.756 | SUCCESS  | __main__:main:105 - e35_gce: v1 F1=0.7184 -> saved
2026-07-14 11:33:48.932 | INFO     | __main__:main:93 -   e35_sce [richargs] F1=0.7309
2026-07-14 11:35:02.454 | INFO     | __main__:main:93 -   e35_sce [v1] F1=0.7345
2026-07-14 11:36:17.517 | INFO     | __main__:main:93 -   e35_sce [richmeta] F1=0.7281
2026-07-14 11:36:17.595 | SUCCESS  | __main__:main:105 - e35_sce: v1 F1=0.7345 -> saved
2026-07-14 11:37:42.188 | INFO     | __main__:main:93 -   e35_apl [richargs] F1=0.6854
2026-07-14 11:38:55.849 | INFO     | __main__:main:93 -   e35_apl [v1] F1=0.6864
2026-07-14 11:40:11.197 | INFO     | __main__:main:93 -   e35_apl [richmeta] F1=0.6845
2026-07-14 11:40:11.229 | WARNING  | __main__:main:101 - e35_apl: best 0.6864 < 0.7
2026-07-14 11:41:35.154 | INFO     | __main__:main:93 -   e35_boot [richargs] F1=0.7307
2026-07-14 11:42:48.719 | INFO     | __main__:main:93 -   e35_boot [v1] F1=0.7403
2026-07-14 11:44:03.846 | INFO     | __main__:main:93 -   e35_boot [richmeta] F1=0.7325
2026-07-14 11:44:03.922 | SUCCESS  | __main__:main:105 - e35_boot: v1 F1=0.7403 -> saved
2026-07-14 11:44:03.990 | ERROR    | __main__:main:108 - e35_fd_elr: Can't load tokenizer for 'output/e35/fd_elr_model'. If you were trying to load it from 'https://huggingface.co/models', make sure you don't have a local directory with the same name. Otherwise, make sure 'output/e35/fd_elr_model' is the correct path to a directory containing all relevant files for a PreTrainedTokenizerFast tokenizer.
2026-07-14 11:44:04.024 | WARNING  | __main__:main:78 - e35_fd_ls: no checkpoint under output/e35/fd_ls_model
2026-07-14 11:45:39.959 | INFO     | __main__:main:93 -   g_awp_swa [richargs] F1=0.7811
2026-07-14 11:46:53.720 | INFO     | __main__:main:93 -   g_awp_swa [v1] F1=0.7317
2026-07-14 11:48:09.054 | INFO     | __main__:main:93 -   g_awp_swa [richmeta] F1=0.7796
2026-07-14 11:48:09.154 | SUCCESS  | __main__:main:105 - g_awp_swa: richargs F1=0.7811 -> saved
2026-07-14 11:48:09.310 | SUCCESS  | __main__:main:113 - harvest_new: 13/16 added
